// Jest Snapshot v1, https://goo.gl/fbAQLP

exports[`Home should render 1`] = `
ReactWrapper {
  "length": 1,
  Symbol(enzyme.__unrendered__): <Home />,
  Symbol(enzyme.__renderer__): Object {
    "batchedUpdates": [Function],
    "getNode": [Function],
    "render": [Function],
    "simulateEvent": [Function],
    "unmount": [Function],
  },
  Symbol(enzyme.__root__): [Circular],
  Symbol(enzyme.__node__): Object {
    "instance": null,
    "key": undefined,
    "nodeType": "function",
    "props": Object {},
    "ref": null,
    "rendered": Object {
      "instance": <div>
        home is home
      </div>,
      "key": undefined,
      "nodeType": "host",
      "props": Object {
        "children": "home is home",
      },
      "ref": null,
      "rendered": Array [
        "home is home",
      ],
      "type": "div",
    },
    "type": [Function],
  },
  Symbol(enzyme.__nodes__): Array [
    Object {
      "instance": null,
      "key": undefined,
      "nodeType": "function",
      "props": Object {},
      "ref": null,
      "rendered": Object {
        "instance": <div>
          home is home
        </div>,
        "key": undefined,
        "nodeType": "host",
        "props": Object {
          "children": "home is home",
        },
        "ref": null,
        "rendered": Array [
          "home is home",
        ],
        "type": "div",
      },
      "type": [Function],
    },
  ],
  Symbol(enzyme.__options__): Object {
    "adapter": ReactSixteenAdapter {
      "options": Object {
        "enableComponentDidUpdateOnSetState": true,
      },
    },
  },
}
`;
